// Jest Snapshot v1, https://goo.gl/fbAQLP

exports[`MainContainer should render the component 1`] = `
<main
  className="sc-bdnxRM"
>
  <p>
    dummy test
  </p>
</main>
`;
